
> stemsplit-app@0.1.0 build
> next build

Ôû▓ Next.js 16.1.6 (Turbopack)
- Environments: .env.local, .env

npm : ÔÜá The "middleware" 
file convention is 
deprecated. Please use 
"proxy" instead. Learn more: h
ttps://nextjs.org/docs/message
s/middleware-to-proxy
At line:1 char:1
+ npm run build > 
build_error.log 2>&1
+ ~~~~~~~~~~~~~~~~~~~~~~~~~~~~
~~~~~~~~
    + CategoryInfo          : 
    NotSpecified: (ÔÜá The "  
  middle...leware-to-proxy:   
 String) [], RemoteExcepti    
on
    + FullyQualifiedErrorId : 
    NativeCommandError
 
  Creating an optimized production build ...

> Build error occurred
Error: Turbopack build failed 
with 1 errors:
./src/app/globals.css
Error evaluating Node.js code
CssSyntaxError: C:\Users\HP\Do
cuments\AI\Singscape\frontend\
src\app\globals.css:210:329: 
Unclosed string
    at Input.error (node_modul
es/postcss/lib/input.js:135:16
) [C:\Users\HP\Documents\AI\Si
ngscape\frontend\.next\build\c
hunks\node_modules_fe693df6._.
js:4651:22]
    at unclosed (node_modules/
postcss/lib/tokenize.js:45:17)
 [C:\Users\HP\Documents\AI\Sin
gscape\frontend\.next\build\ch
unks\node_modules_fe693df6._.j
s:108:21]
    at Object.nextToken (node_
modules/postcss/lib/tokenize.j
s:157:15) [C:\Users\HP\Documen
ts\AI\Singscape\frontend\.next
\build\chunks\node_modules_fe6
93df6._.js:217:33]
    at Parser.atrule (node_mod
ules/postcss/lib/parser.js:53:
30) [C:\Users\HP\Documents\AI\
Singscape\frontend\.next\build
\chunks\node_modules_fe693df6.
_.js:5353:36]
    at Parser.parse (node_modu
les/postcss/lib/parser.js:464:
16) [C:\Users\HP\Documents\AI\
Singscape\frontend\.next\build
\chunks\node_modules_fe693df6.
_.js:5710:26]
    at parse (node_modules/pos
tcss/lib/parse.js:11:12) [C:\U
sers\HP\Documents\AI\Singscape
\frontend\.next\build\chunks\n
ode_modules_fe693df6._.js:5853
:16]
    at new LazyResult (node_mo
dules/postcss/lib/lazy-result.
js:165:16) [C:\Users\HP\Docume
nts\AI\Singscape\frontend\.nex
t\build\chunks\node_modules_fe
693df6._.js:6105:24]
    at Processor.process (node
_modules/postcss/lib/processor
.js:53:14) [C:\Users\HP\Docume
nts\AI\Singscape\frontend\.nex
t\build\chunks\node_modules_fe
693df6._.js:6572:20]
    at transform (turbopack://
/[turbopack-node]/transforms/p
ostcss.ts:70:51) [C:\Users\HP\
Documents\AI\Singscape\fronten
d\.next\build\chunks\[root-of-
the-server]__51225daf._.js:146
:52]
    at run (turbopack:///[turb
opack-node]/ipc/evaluate.ts:92
:29) [C:\Users\HP\Documents\AI
\Singscape\frontend\.next\buil
d\chunks\[root-of-the-server]_
_974941ed._.js:443:37]

Import trace:
  Client Component Browser:
    ./src/app/globals.css 
[Client Component Browser]
    ./src/app/layout.tsx 
[Server Component]


    at transform (turbopack://
/[turbopack-node]/transforms/p
ostcss.ts:70:51) [C:\Users\HP\
Documents\AI\Singscape\fronten
d\.next\build\chunks\[root-of-
the-server]__51225daf._.js:146
:52])
    at run (turbopack:///[turb
opack-node]/ipc/evaluate.ts:92
:29) [C:\Users\HP\Documents\AI
\Singscape\frontend\.next\buil
d\chunks\[root-of-the-server]_
_974941ed._.js:443:37])
