Ôû▓ Next.js 16.1.6 (Turbopack)
- Environments: .env.local, .env

npx : ÔÜá The "middleware" file 
convention is deprecated. Please 
use "proxy" instead. Learn more: ht
tps://nextjs.org/docs/messages/midd
leware-to-proxy
At line:1 char:1
+ npx next build > 
build_output.txt 2>&1
+ ~~~~~~~~~~~~~~~~~~~~~~~~~~~~~~~~~
~~~~~
    + CategoryInfo          : NotS 
   pecified: (ÔÜá The "middle...l  
  eware-to-proxy:String) [], Rem   
 oteException
    + FullyQualifiedErrorId : Nati 
   veCommandError
 
  Creating an optimized production build ...

> Build error occurred
Error: Turbopack build failed with 
1 errors:
./src/app/globals.css
Error evaluating Node.js code
CssSyntaxError: C:\Users\HP\Documen
ts\AI\Singscape\frontend\src\app\gl
obals.css:210:329: Unclosed string
    at Input.error (node_modules/po
stcss/lib/input.js:135:16) [C:\User
s\HP\Documents\AI\Singscape\fronten
d\.next\build\chunks\node_modules_f
e693df6._.js:4651:22]
    at unclosed (node_modules/postc
ss/lib/tokenize.js:45:17) [C:\Users
\HP\Documents\AI\Singscape\frontend
\.next\build\chunks\node_modules_fe
693df6._.js:108:21]
    at Object.nextToken (node_modul
es/postcss/lib/tokenize.js:157:15) 
[C:\Users\HP\Documents\AI\Singscape
\frontend\.next\build\chunks\node_m
odules_fe693df6._.js:217:33]
    at Parser.atrule (node_modules/
postcss/lib/parser.js:53:30) [C:\Us
ers\HP\Documents\AI\Singscape\front
end\.next\build\chunks\node_modules
_fe693df6._.js:5353:36]
    at Parser.parse (node_modules/p
ostcss/lib/parser.js:464:16) [C:\Us
ers\HP\Documents\AI\Singscape\front
end\.next\build\chunks\node_modules
_fe693df6._.js:5710:26]
    at parse (node_modules/postcss/
lib/parse.js:11:12) [C:\Users\HP\Do
cuments\AI\Singscape\frontend\.next
\build\chunks\node_modules_fe693df6
._.js:5853:16]
    at new LazyResult (node_modules
/postcss/lib/lazy-result.js:165:16)
 [C:\Users\HP\Documents\AI\Singscap
e\frontend\.next\build\chunks\node_
modules_fe693df6._.js:6105:24]
    at Processor.process (node_modu
les/postcss/lib/processor.js:53:14)
 [C:\Users\HP\Documents\AI\Singscap
e\frontend\.next\build\chunks\node_
modules_fe693df6._.js:6572:20]
    at transform (turbopack:///[tur
bopack-node]/transforms/postcss.ts:
70:51) [C:\Users\HP\Documents\AI\Si
ngscape\frontend\.next\build\chunks
\[root-of-the-server]__51225daf._.j
s:146:52]
    at run (turbopack:///[turbopack
-node]/ipc/evaluate.ts:92:29) [C:\U
sers\HP\Documents\AI\Singscape\fron
tend\.next\build\chunks\[root-of-th
e-server]__974941ed._.js:443:37]

Import trace:
  Client Component Browser:
    ./src/app/globals.css [Client 
Component Browser]
    ./src/app/layout.tsx [Server 
Component]


    at transform (turbopack:///[tur
bopack-node]/transforms/postcss.ts:
70:51) [C:\Users\HP\Documents\AI\Si
ngscape\frontend\.next\build\chunks
\[root-of-the-server]__51225daf._.j
s:146:52])
    at run (turbopack:///[turbopack
-node]/ipc/evaluate.ts:92:29) [C:\U
sers\HP\Documents\AI\Singscape\fron
tend\.next\build\chunks\[root-of-th
e-server]__974941ed._.js:443:37])
